First building id/name, followed by Enter: EMPAC
Second building id/name, followed by Enter: EMPAC
Path from EMPAC to EMPAC:
